[www.storin.in/index.html]
[backblue.gif]
[fade.gif]
[index.html]
[www.storin.in/imgs/urolime-logo.png]
[www.storin.in/css/bootstrap.min.css]
[www.storin.in/css/style.css]
[www.storin.in/css/bootstrap-theme.min.css]
[www.storin.in/images/fav.png]
[ajax.googleapis.com/ajax/libs/jquery/1.11.3/jquery.min.js]
[www.storin.in/js/bootstrap.min.js]
[www.storin.in/js/jquery.bxslider.min.js]
[www.storin.in/js/validation.js]
[www.storin.in/css/jquery.bxslider.css]
[www.storin.in/css/font-awesome.min.css]
[www.storin.in/js/scrollIt.js]
[snid.snitcher.com/8415024.js]
[certify-js.alexametrics.com/atrk.js]
[certify.alexametrics.com/atrk06f5.gif]
[www.storin.in/POST]
[www.storin.in/cdn-cgi/scripts/7d0fa10a/cloudflare-static/rocket-loader.min.js]
[www.storin.in/about.html]
[www.storin.in/why-us.html]
[www.storin.in/devops-consulting-services.html]
[www.storin.in/docker-consulting.html]
[www.storin.in/kubernetes-consulting.html]
[www.storin.in/aws-consulting-services.html]
[www.storin.in/google-cloud-consulting.html]
[www.storin.in/azure-cloud-consulting.html]
[www.storin.in/cloud-consulting-services.html]
[www.storin.in/managed-it-services.html]
[www.storin.in/dedicated-it-team.html]
[www.storin.in/offshore-web-hosting-support-india.html]
[www.storin.in/it-consulting.html]
[www.storin.in/careers.html]
[www.storin.in/contact.html]
[www.storin.in/images/aws-select.png]
[www.storin.in/imgs/Arrow_-Normal.png]
[www.storin.in/imgs/Arrow_Active.png]
[www.storin.in/images/building-icon.png]
[www.storin.in/images/success-icon.png]
[www.storin.in/images/aws.png]
[www.storin.in/images/call-support-icon.png]
[www.storin.in/images/nasscom.png]
[www.storin.in/images/iso.png]
[www.storin.in/imgs/kubernetes.png]
[www.storin.in/imgs/amazon-logo.png]
[www.storin.in/imgs/docker-logo.png]
[www.storin.in/imgs/ansible-logo.png]
[www.storin.in/imgs/jenkins-logo.png]
[www.storin.in/imgs/puppet-logo.png]
[www.storin.in/imgs/capistrano-logo.png]
[www.storin.in/imgs/hadoop-logo.png]
[www.storin.in/imgs/apache-logo.png]
[www.storin.in/imgs/mongodb-logo.png]
[www.storin.in/imgs/redis-logo.png]
[www.storin.in/imgs/mysql-logo.png]
[www.storin.in/imgs/devops-icon.png]
[www.storin.in/imgs/24-7-icon.png]
[www.storin.in/24-7-server-monitoring-and-support.html]
[www.storin.in/imgs/team-icon.png]
[www.storin.in/imgs/amazon-icon.png]
[www.storin.in/imgs/cloud-icon.png]
[www.storin.in/imgs/azure-2.png]
[www.storin.in/Case-study-on-devops-the-transition.pdf]
[www.storin.in/images/track-record-img.png]
[www.storin.in/images/cloud-platform-img.png]
[www.storin.in/images/24-7-support-img.png]
[www.storin.in/imgs/testimonial-04.jpg]
[www.storin.in/imgs/testimonial-07.jpg]
[www.storin.in/imgs/testimonial-02.jpg]
[www.storin.in/imgs/testimonial-03.jpg]
[www.storin.in/imgs/testimonial-06.jpg]
[www.storin.in/imgs/testimonial-01.jpg]
[www.storin.in/imgs/testimonial-08.jpg]
[www.storin.in/imgs/testimonial-05.jpg]
[www.storin.in/images/facebook.png]
[www.storin.in/images/twitter.png]
[www.storin.in/images/liknedin.png]
[www.googleadservices.com/pagead/f.txt]
[www.storin.in/js/waypoints.min.js]
[www.storin.in/js/jquery.counterup.min.js]
[www.storin.in/img/request-demo.png]
[snap.licdn.com/li.lms-analytics/insight.min.js]
[www.storin.in/js/main.js]
[www.storin.in/index.html]
[js.hs-scripts.com/3387488.js]
[www.storin.in/fonts/glyphicons-halflings-regular.eot]
[www.storin.in/fonts/glyphicons-halflings-regulard41d.eot]
[www.storin.in/fonts/glyphicons-halflings-regular.woff2]
[www.storin.in/fonts/glyphicons-halflings-regular.woff]
[www.storin.in/fonts/glyphicons-halflings-regular.ttf]
[www.storin.in/css/bootstrap.min.css]
[www.storin.in/fonts/glyphicons-halflings-regular.svg]
[www.storin.in/fonts/proxima_nova-bold-webfont.eot]
[www.storin.in/fonts/proxima_nova-bold-webfontd41d.eot]
[www.storin.in/fonts/proxima_nova-bold-webfont.woff2]
[www.storin.in/fonts/proxima_nova-bold-webfont.woff]
[www.storin.in/css/proxima_nova-bold-webfont.ttf]
[www.storin.in/fonts/proxima_nova-bold-webfont.svg]
[www.storin.in/fonts/proxima_nova-light-webfont.eot]
[www.storin.in/fonts/proxima_nova-light-webfontd41d.eot]
[www.storin.in/css/proxima_nova-light-webfont.woff2]
[www.storin.in/fonts/proxima_nova-light-webfont.woff]
[www.storin.in/fonts/proxima_nova-light-webfont.ttf]
[www.storin.in/fonts/proxima_nova-light-webfont.svg]
[www.storin.in/fonts/proxima_nova-regular-webfont.eot]
[www.storin.in/fonts/proxima_nova-regular-webfontd41d.eot]
[www.storin.in/fonts/proxima_nova-regular-webfont.woff2]
[www.storin.in/fonts/proxima_nova-regular-webfont.woff]
[www.storin.in/fonts/proxima_nova-regular-webfont.ttf]
[www.storin.in/fonts/proxima_nova-regular-webfont.svg]
[www.storin.in/fonts/proxima_nova-semibold-webfont.eot]
[www.storin.in/fonts/proxima_nova-semibold-webfontd41d.eot]
[www.storin.in/css/proxima_nova-semibold-webfont.woff2]
[www.storin.in/fonts/proxima_nova-semibold-webfont.woff]
[www.storin.in/fonts/proxima_nova-semibold-webfont.ttf]
[www.storin.in/fonts/proxima_nova-semibold-webfont.svg]
[www.storin.in/images/dedicated-bg-01.jpg]
[www.storin.in/images/background-img02.jpg]
[www.storin.in/images/background-img03.jpg]
[www.storin.in/images/background-img04.jpg]
[www.storin.in/images/background-img05.jpg]
[www.storin.in/images/clients-bg.jpg]
[www.storin.in/images/left-arrow.png]
[www.storin.in/images/right-arrow.png]
[www.storin.in/images/select-arrow.png]
[www.storin.in/images/career-bg.jpg]
[www.storin.in/images/company.jpg]
[www.storin.in/images/contact-bg.jpg]
[www.storin.in/images/list-bg.jpg]
[www.storin.in/images/select-arrow-contact.png]
[www.storin.in/images/background-img02.png]
[www.storin.in/images/bottom-arrow.png]
[www.storin.in/images/over-arrow.png]
[www.storin.in/images/listed-bg.png]
[www.storin.in/images/check-icon-w.png]
[www.storin.in/images/check-icon.png]
[www.storin.in/images/why-us.jpg]
[www.storin.in/images/it-consulting-bg.jpg]
[www.storin.in/images/arrow-left.png]
[www.storin.in/images/client-bg.jpg]
[www.storin.in/images/gray-mix-bg.jpg]
[www.storin.in/images/home-banner.jpg]
[www.storin.in/images/listed-bg1.png]
[www.storin.in/images/list-round-icon.png]
[www.storin.in/css/owl.video.play.png]
[www.storin.in/css/style.css]
[www.storin.in/css/bootstrap-theme.min.css]
[www.storin.in/css/images/bx_loader.gif]
[www.storin.in/css/jquery.bxslider.css]
[www.storin.in/css/images/controls.png]
[www.storin.in/fonts/fontawesome-webfonte0a5.eot]
[www.storin.in/fonts/fontawesome-webfontd41d.eot]
[www.storin.in/fonts/fontawesome-webfonte0a5.woff2]
[www.storin.in/fonts/fontawesome-webfonte0a5.woff]
[www.storin.in/fonts/fontawesome-webfonte0a5.ttf]
[www.storin.in/css/font-awesome.min.css]
[www.storin.in/POST.html]
[www.storin.in/fonts/fontawesome-webfonte0a5.svg]
[ajax.googleapis.com/ajax/libs/jquery/2.1.3/jquery.min.js]
[www.google.com/recaptcha/api.js]
[www.storin.in/about.html]
[www.storin.in/images/urolime-logo.png]
[www.storin.in/img/list_clients/cl02.png]
[www.storin.in/img/list_clients/cl03.png]
[www.storin.in/img/list_clients/cl04.png]
[www.storin.in/img/list_clients/cl05.png]
[www.storin.in/img/list_clients/cl06.png]
[www.storin.in/img/list_clients/cl07.png]
[www.storin.in/img/list_clients/cl09.png]
[www.storin.in/img/list_clients/cl10.png]
[www.storin.in/img/list_clients/cl11.png]
[www.storin.in/img/list_clients/cl12.png]
[www.storin.in/img/list_clients/cl13.png]
[www.storin.in/img/list_clients/cl14.png]
[www.storin.in/img/list_clients/cl15.png]
[www.storin.in/img/list_clients/cl16.png]
[www.storin.in/img/list_clients/cl17.png]
[www.storin.in/img/list_clients/cl18.png]
[www.storin.in/img/list_clients/cl19.png]
[www.storin.in/img/list_clients/cl20.png]
[www.storin.in/img/list_clients/cl24.png]
[www.storin.in/img/list_clients/cl21.png]
[www.storin.in/img/list_clients/cl23.png]
[www.storin.in/why-us.html]
[www.storin.in/images/Devops-services.png]
[www.storin.in/images/DeVops-consulting-services.png]
[www.storin.in/continuous-integration-delivery.html]
[www.storin.in/images/Continous-Integration-Delivery.png]
[www.storin.in/images/DevOps-on-AWS-Expertise.png]
[www.storin.in/devops-support-team-india.html]
[www.storin.in/images/Hire-DevOps-Engineers.png]
[www.storin.in/devops-tools-technologies.html]
[www.storin.in/images/devops-tools-bnr.png]
[www.storin.in/images/Continuous-Integration.png]
[www.storin.in/images/Continuous-Delivery.png]
[www.storin.in/images/Microservices.png]
[www.storin.in/images/Configuration-Management.png]
[www.storin.in/images/Monitoring-logging.png]
[www.storin.in/images/Communication-and-Collaboration.png]
[www.storin.in/images/Devops Automation & Consulting Services.png]
[www.storin.in/images/Hire Devops Engineers.png]
[www.storin.in/images/Continuous Integration & Delivery.png]
[www.storin.in/images/Deployment services.png]
[www.storin.in/images/Continuous Monitoring and Support.png]
[www.storin.in/images/Devops Security.png]
[www.storin.in/devops-consulting-services.html]
[www.storin.in/images/technologies-logo.png]
[www.storin.in/images/docker-bnr1.png]
[www.storin.in/images/docker-bnr2.png]
[www.storin.in/images/One-Platform-For-All.png]
[www.storin.in/images/Quicker-Innovation.png]
[www.storin.in/images/Smooth-Transition.png]
[www.storin.in/images/Any-Platform-For-Any-Phase.png]
[www.storin.in/images/Certified-and-Secure.png]
[www.storin.in/images/kuber-automating-img.png]
[www.storin.in/docker-consulting.html]
[www.storin.in/images/kuber-bnr1.png]
[www.storin.in/images/Global-Scale-icon.png]
[www.storin.in/images/grows-icon.png]
[www.storin.in/images/Open-Source-icon.png]
[www.storin.in/images/Resource-icon.png]
[www.storin.in/images/Binpacking-icon.png]
[www.storin.in/images/Self-Correcting-icon.png]
[www.storin.in/images/Ease-Scaling-icon.png]
[www.storin.in/images/Load-balancing-icon.png]
[www.storin.in/images/Deployments-icon.png]
[www.storin.in/images/management-icon.png]
[www.storin.in/images/Storage-Management-icon.png]
[www.storin.in/images/What-can-Kubernetes.png]
[www.storin.in/images/why-kubernete-img.png]
[www.storin.in/images/terminology-img.png]
[www.storin.in/images/huawei-logo.png]
[www.storin.in/images/Buffer-logo.png]
[www.storin.in/images/ebay-logo.png]
[www.storin.in/images/sap-logo.png]
[www.storin.in/images/goldman-logo.png]
[www.storin.in/images/newyork-logo.png]
[www.storin.in/images/soundcloud-logo.png]
[www.storin.in/images/philips-logo.png]
[www.storin.in/kubernetes-consulting.html]
[www.storin.in/images/support-icon.png]
[www.storin.in/images/protection-icon.png]
[www.storin.in/images/cost-icon.png]
[www.storin.in/images/hybrid-connections-icon.png]
[www.storin.in/images/move-AWS-img.png]
[www.storin.in/images/boost-performance-img.png]
[www.storin.in/images/build-trust-img.png]
[www.storin.in/images/migrate-databases-img.png]
[www.storin.in/images/compute-smarter-img.png]
[www.storin.in/images/analyze-API-img.png]
[www.storin.in/images/run-enterprise-img.png]
[www.storin.in/images/securely-store-img.png]
[www.storin.in/images/plan-icon.png]
[www.storin.in/images/build-icon.png]
[www.storin.in/images/run-icon.png]
[www.storin.in/images/cloud-monitoring-img.png]
[www.storin.in/images/auto-scaling-img.png]
[www.storin.in/images/storage-optimization-img.png]
[www.storin.in/images/AWS-cloudFront-img.png]
[www.storin.in/images/project-management-img.png]
[www.storin.in/images/designed-security-img.png]
[www.storin.in/images/proven-security-partner-img.png]
[www.storin.in/images/rightsizing-img.png]
[www.storin.in/images/reserved-img.png]
[www.storin.in/aws-consulting-services.html]
[www.storin.in/images/cloud-computing-bnr.png]
[www.storin.in/images/big-data-bnr-img.png]
[www.storin.in/images/google-cloud-img.png]
[www.storin.in/images/kuber-google.png]
[www.storin.in/images/mobile-applications-img.png]
[www.storin.in/images/web-applications-img.png]
[www.storin.in/images/big-data-img.png]
[www.storin.in/images/application-development-img.png]
[www.storin.in/images/gaming-img.png]
[www.storin.in/images/internet-things-img.png]
[www.storin.in/images/future-proof-icon.png]
[www.storin.in/images/data-analytics-icon.png]
[www.storin.in/images/database-storage-icon.png]
[www.storin.in/images/big-data-icon.png]
[www.storin.in/images/management-easy-icon.png]
[www.storin.in/images/developer-first-icon.png]
[www.storin.in/images/access-icon.png]
[www.storin.in/images/excellence-icon.png]
[www.storin.in/images/developer-oriented-icon.png]
[www.storin.in/images/performance-icon.png]
[www.storin.in/images/pay-only-icon.png]
[www.storin.in/images/security-icon.png]
[www.storin.in/google-cloud-consulting.html]
[www.storin.in/images/azure-bnr-img.png]
[www.storin.in/images/future-ready-img.png]
[www.storin.in/images/compute-apps-img.png]
[www.storin.in/images/powerful-analytics-img.png]
[www.storin.in/images/friendly-img.png]
[www.storin.in/images/manage-img.png]
[www.storin.in/images/security-img.png]
[www.storin.in/images/third-party-img.png]
[www.storin.in/images/microservices-img.png]
[www.storin.in/images/global-img.png]
[www.storin.in/images/implement-business.png]
[www.storin.in/images/customizability.png]
[www.storin.in/images/recovery.png]
[www.storin.in/images/pricing-management.png]
[www.storin.in/images/migrate.png]
[www.storin.in/images/scalability.png]
[www.storin.in/images/data-analytics.png]
[www.storin.in/azure-cloud-consulting.html]
[www.storin.in/images/cloud-bnr-img.png]
[www.storin.in/images/devops-icon.png]
[www.storin.in/images/internet-icon.png]
[www.storin.in/images/business-icon.png]
[www.storin.in/images/gaming-icon.png]
[www.storin.in/images/cloud-services-img.png]
[www.storin.in/images/cloud-migration-img.png]
[www.storin.in/images/investment-icon.png]
[www.storin.in/images/better-cost-icon.png]
[www.storin.in/images/break-down-icon.png]
[www.storin.in/images/collaboration-icon.png]
[www.storin.in/images/on-demand-icon.png]
[www.storin.in/cloud-consulting-services.html]
[www.storin.in/imgs_old/urolime-logo.png]
[www.storin.in/images/dedicated-team.png]
[www.storin.in/imgs_old/Arrow_-Normal.png]
[www.storin.in/imgs_old/Arrow_Active.png]
[www.storin.in/images/manage-service-1.png]
[www.storin.in/images/outsourcing-png-8579.png]
[www.storin.in/images/Application-maintenance.jpg]
[www.storin.in/images/Customer-experience.png]
[www.storin.in/images/infrastructure-management.png]
[www.storin.in/managed-it-services.html]
[www.storin.in/images/dedicated-it-team-v2.png]
[www.storin.in/images/team1.jpg]
[www.storin.in/images/Global-Scale-icon.png.pagespeed.ce.tROOR60iSe.png]
[www.storin.in/images/grows-icon.png.pagespeed.ce.kirFsMYtSU.png]
[www.storin.in/images/Open-Source-icon.png.pagespeed.ce.JhAEZ_U2NL.png]
[www.storin.in/images/Resource-icon.png.pagespeed.ce.wkT4M0OS9b.png]
[www.storin.in/images/Binpacking-icon.png.pagespeed.ce.mJAcYsRV6N.png]
[www.storin.in/images/Self-Correcting-icon.png.pagespeed.ce.A07NONlex4.png]
[www.storin.in/images/Ease-Scaling-icon.png.pagespeed.ce.ZjgZNjHM-P.png]
[www.storin.in/images/Load-balancing-icon.png.pagespeed.ce.l1TX4SQ0TC.png]
[www.storin.in/images/Deployments-icon.png.pagespeed.ce.k7E48kcFNA.png]
[www.storin.in/dedicated-it-team.html]
[www.storin.in/images/img-01.png]
[www.storin.in/images/img-02.png]
[www.storin.in/offshore-web-hosting-support-india.html]
[connect.facebook.net/en_US/fbevents.js]
[www.storin.in/it-consulting.html]
[www.storin.in/cdn-cgi/l/email-protection.html]
[www.storin.in/careers.html]
[www.storin.in/contact.html]
[www.storin.in/24-7-server-monitoring-and-support.html]
[www.storin.in/cdn-cgi/scripts/5c5dd728/cloudflare-static/email-decode.min.js]
[px.ads.linkedin.com/insight_tag_errorsd41d.gif]
[snap.licdn.com/li.lms-analytics/insight.min.js]
[www.storin.in/fonts/glyphicons-halflings-regular.svg]
[www.storin.in/fonts/proxima_nova-bold-webfont.svg]
[www.storin.in/fonts/proxima_nova-light-webfont.svg]
[www.storin.in/fonts/proxima_nova-regular-webfont.svg]
[www.storin.in/fonts/proxima_nova-semibold-webfont.svg]
[www.storin.in/css/owl.video.play.html]
[www.storin.in/fonts/fontawesome-webfonte0a5.svg]
[www.storin.in/images/Continuous-Integration2.png]
[www.storin.in/images/Continuous-Delivery2.png]
[www.storin.in/images/Deployment-services2.png]
[www.storin.in/continuous-integration-delivery.html]
[www.storin.in/images/Devops-engineers.png]
[www.storin.in/images/devops-engineer-hire.png]
[www.storin.in/images/people-skills-img.png]
[www.storin.in/images/expertise-infrastructure-img.png]
[www.storin.in/images/quality-testing-img.png]
[www.storin.in/images/end-user-img.png]
[www.storin.in/images/coalition& collaboration-img.png]
[www.storin.in/images/security&safeguard-img.png]
[www.storin.in/images/flexibility-img.png]
[www.storin.in/images/Birdâs-eye-img.png]
[www.storin.in/devops-support-team-india.html]
[www.storin.in/images/docker-bnr.png]
[www.storin.in/images/jenkins-bnr.png]
[www.storin.in/imgs/teamcity-logo.png]
[www.storin.in/imgs/octopus-logo.png]
[www.storin.in/imgs/bamboo-logo.png]
[www.storin.in/imgs/chef-logo.png]
[www.storin.in/imgs/azure-logo.png]
[www.storin.in/imgs/google-cloud-logo.png]
[www.storin.in/imgs/github-logo.png]
[www.storin.in/imgs/git-logo.png]
[www.storin.in/imgs/git-labs-logo.png]
[www.storin.in/imgs/bitbucket-logo.png]
[www.storin.in/imgs/scout-logo.png]
[www.storin.in/imgs/datadog-logo.png]
[www.storin.in/imgs/pager-duty-logo.png]
[www.storin.in/imgs/new-relic-logo.png]
[www.storin.in/imgs/zabbix_logo.png]
[www.storin.in/devops-tools-technologies.html]
[www.storin.in/images/Global-Scale-icon.png.pagespeed.ce.tROOR60iSe.html]
[www.storin.in/images/grows-icon.png.pagespeed.ce.kirFsMYtSU.html]
[www.storin.in/images/Open-Source-icon.png.pagespeed.ce.JhAEZ_U2NL.html]
[www.storin.in/images/Resource-icon.png.pagespeed.ce.wkT4M0OS9b.html]
[www.storin.in/images/Binpacking-icon.png.pagespeed.ce.mJAcYsRV6N.html]
[www.storin.in/images/Self-Correcting-icon.png.pagespeed.ce.A07NONlex4.html]
[www.storin.in/images/Ease-Scaling-icon.png.pagespeed.ce.ZjgZNjHM-P.html]
[www.storin.in/images/Load-balancing-icon.png.pagespeed.ce.l1TX4SQ0TC.html]
[www.storin.in/images/Deployments-icon.png.pagespeed.ce.k7E48kcFNA.html]
[www.storin.in/c]
[www.storin.in/b]
[connect.facebook.net/en_US/fbevents.js]
[www.storin.in/cdn-cgi/l/email-protection.html]
[www.storin.in/images/Birdâs-eye-img.html]
[www.storin.in/c.html]
[www.storin.in/b.html]
